


ARM Macro Assembler    Page 1 


    1 00000000                 AREA             LAB1_as3 , CODE, READONLY
    2 00000000         
    3 00000000 E3A0A008        mov              r10, #8
    4 00000004         
    5 00000004 E1E0A00A        mvn              r10, r10
    6 00000008 E28AA001        add              r10, r10, #1
    7 0000000C         
    8 0000000C EAFFFFFE 
                       e       b                e
    9 00000010                 end
Command Line: --debug --xref --device=DARMP --apcs=interwork -oLAB1_as3.o -IC:\
Keil\ARM\INC\Philips --predefine="__EVAL SETA 1" --list=LAB1_as3.lst LAB1_as3.s



ARM Macro Assembler    Page 1 Alphabetic symbol ordering
Relocatable symbols

LAB1_as3 00000000

Symbol: LAB1_as3
   Definitions
      At line 1 in file LAB1_as3.s
   Uses
      None
Comment: LAB1_as3 unused
e 0000000C

Symbol: e
   Definitions
      At line 8 in file LAB1_as3.s
   Uses
      At line 8 in file LAB1_as3.s
Comment: e used once
2 symbols
322 symbols in table
