ARM Linker, RVCT4.0 [Build 524] for uVision [Evaluation]

==============================================================================

Section Cross References

    lab3_qn2.o(exp) refers to lab3_qn2.o(data1) for num
    lab3_qn2.o(exp) refers to lab3_qn2.o(data2) for res


==============================================================================

Image Symbol Table

    Local Symbols

    Symbol Name                              Value     Ov Type        Size  Object(Section)

    exp                                      0x00000000   Section       64  lab3_qn2.o(exp)
    lab3_qn2.s                               0x00000000   Number         0  lab3_qn2.o ABSOLUTE
    data1                                    0x00000040   Section        5  lab3_qn2.o(data1)
    num                                      0x00000040   Data           4  lab3_qn2.o(data1)
    len                                      0x00000044   Data           1  lab3_qn2.o(data1)
    data2                                    0x40000000   Section        1  lab3_qn2.o(data2)
    res                                      0x40000000   Data           1  lab3_qn2.o(data2)

    Global Symbols

    Symbol Name                              Value     Ov Type        Size  Object(Section)

    BuildAttributes$$THM_ISAv1$ARM_ISAv4$S$PE$A:L22$X:L11$S22$IEEE1$IW$USESV6$~STKCKD$USESV7$~SHL$OSPACE$EBA8$STANDARDLIB$PRES8$EABIv2 0x00000000   Number         0  anon$$obj.o ABSOLUTE



==============================================================================

Memory Map of the image

  Image Entry point : 0x00000000

  Load Region LR_1 (Base: 0x00000000, Size: 0x0000004c, Max: 0xffffffff, ABSOLUTE)

    Execution Region ER_RO (Base: 0x00000000, Size: 0x00000048, Max: 0xffffffff, ABSOLUTE)

    Base Addr    Size         Type   Attr      Idx    E Section Name        Object

    0x00000000   0x00000040   Code   RO            3  * exp                 lab3_qn2.o
    0x00000040   0x00000005   Data   RO            1    data1               lab3_qn2.o


    Execution Region ER_RW (Base: 0x40000000, Size: 0x00000004, Max: 0xffffffff, ABSOLUTE)

    Base Addr    Size         Type   Attr      Idx    E Section Name        Object

    0x40000000   0x00000001   Data   RW            2    data2               lab3_qn2.o


    Execution Region ER_ZI (Base: 0x40000004, Size: 0x00000000, Max: 0xffffffff, ABSOLUTE)

    **** No section assigned to this execution region ****


==============================================================================

Image component sizes


      Code (inc. data)   RO Data    RW Data    ZI Data      Debug   Object Name

        64         12          5          1          0        240   lab3_qn2.o

    ----------------------------------------------------------------------
        64         12          8          4          0        240   Object Totals
         0          0          0          0          0          0   (incl. Generated)
         0          0          3          3          0          0   (incl. Padding)

    ----------------------------------------------------------------------
         0          0          0          0          0          0   Library Totals
         0          0          0          0          0          0   (incl. Padding)

    ----------------------------------------------------------------------

==============================================================================


      Code (inc. data)   RO Data    RW Data    ZI Data      Debug   

        64         12          8          4          0        240   Grand Totals
        64         12          8          4          0        240   ELF Image Totals
        64         12          8          4          0          0   ROM Totals

==============================================================================

    Total RO  Size (Code + RO Data)                   72 (   0.07kB)
    Total RW  Size (RW Data + ZI Data)                 4 (   0.00kB)
    Total ROM Size (Code + RO Data + RW Data)         76 (   0.07kB)

==============================================================================

