<html>
<body>
<pre>
<h1>µVision Build Log</h1>
<h2>Project:</h2>
D:\1. AMRITA\SEMESTERS\SEM 5\Embedded Systems\Lab\Programs\LAB 5\LAB5_qn3\LAB5_qn3.uvproj
Project File Date:  11/10/2023

<h2>Output:</h2>
Build target 'Target 1'
assembling lab5_qn3.s...
linking...
Program Size: Code=48 RO-data=16 RW-data=4 ZI-data=0  
"LAB5_qn3.axf" - 0 Error(s), 0 Warning(s).
Build target 'Target 1'
assembling lab5_qn3.s...
linking...
Program Size: Code=56 RO-data=16 RW-data=4 ZI-data=0  
"LAB5_qn3.axf" - 0 Error(s), 0 Warning(s).
