ARM Linker, RVCT4.0 [Build 524] for uVision [Evaluation]

==============================================================================

Section Cross References

    lab3_as3.o(exp) refers to lab3_as3.o(data_1) for data1
    lab3_as3.o(exp) refers to lab3_as3.o(data_2) for sum


==============================================================================

Image Symbol Table

    Local Symbols

    Symbol Name                              Value     Ov Type        Size  Object(Section)

    exp                                      0x00000000   Section       60  lab3_as3.o(exp)
    lab3_as3.s                               0x00000000   Number         0  lab3_as3.o ABSOLUTE
    data_1                                   0x0000003c   Section       16  lab3_as3.o(data_1)
    data1                                    0x0000003c   Data           8  lab3_as3.o(data_1)
    data2                                    0x00000044   Data           8  lab3_as3.o(data_1)
    data_2                                   0x40000000   Section        8  lab3_as3.o(data_2)
    sum                                      0x40000000   Data           8  lab3_as3.o(data_2)

    Global Symbols

    Symbol Name                              Value     Ov Type        Size  Object(Section)

    BuildAttributes$$THM_ISAv1$ARM_ISAv4$S$PE$A:L22$X:L11$S22$IEEE1$IW$USESV6$~STKCKD$USESV7$~SHL$OSPACE$EBA8$STANDARDLIB$PRES8$EABIv2 0x00000000   Number         0  anon$$obj.o ABSOLUTE



==============================================================================

Memory Map of the image

  Image Entry point : 0x00000000

  Load Region LR_1 (Base: 0x00000000, Size: 0x00000054, Max: 0xffffffff, ABSOLUTE)

    Execution Region ER_RO (Base: 0x00000000, Size: 0x0000004c, Max: 0xffffffff, ABSOLUTE)

    Base Addr    Size         Type   Attr      Idx    E Section Name        Object

    0x00000000   0x0000003c   Code   RO            3  * exp                 lab3_as3.o
    0x0000003c   0x00000010   Data   RO            1    data_1              lab3_as3.o


    Execution Region ER_RW (Base: 0x40000000, Size: 0x00000008, Max: 0xffffffff, ABSOLUTE)

    Base Addr    Size         Type   Attr      Idx    E Section Name        Object

    0x40000000   0x00000008   Data   RW            2    data_2              lab3_as3.o


    Execution Region ER_ZI (Base: 0x40000008, Size: 0x00000000, Max: 0xffffffff, ABSOLUTE)

    **** No section assigned to this execution region ****


==============================================================================

Image component sizes


      Code (inc. data)   RO Data    RW Data    ZI Data      Debug   Object Name

        60         12         16          8          0        240   lab3_as3.o

    ----------------------------------------------------------------------
        60         12         16          8          0        240   Object Totals
         0          0          0          0          0          0   (incl. Generated)
         0          0          0          0          0          0   (incl. Padding)

    ----------------------------------------------------------------------
         0          0          0          0          0          0   Library Totals
         0          0          0          0          0          0   (incl. Padding)

    ----------------------------------------------------------------------

==============================================================================


      Code (inc. data)   RO Data    RW Data    ZI Data      Debug   

        60         12         16          8          0        240   Grand Totals
        60         12         16          8          0        240   ELF Image Totals
        60         12         16          8          0          0   ROM Totals

==============================================================================

    Total RO  Size (Code + RO Data)                   76 (   0.07kB)
    Total RW  Size (RW Data + ZI Data)                 8 (   0.01kB)
    Total ROM Size (Code + RO Data + RW Data)         84 (   0.08kB)

==============================================================================

