<html>
<body>
<pre>
<h1>µVision Build Log</h1>
<h2>Project:</h2>
D:\1. AMRITA\SEMESTERS\SEM 5\Embedded Systems\Lab\Programs\LAB 3\LAB3_as3\LAB3_as3.uvproj
Project File Date:  11/09/2023

<h2>Output:</h2>
Build target 'Target 1'
assembling lab3_as3.s...
lab3_as3.s(8): error: A1108E: Multiply defined symbol 'data1'
lab3_as3.s(11): error: A1163E: Unknown opcode AREA, , expecting opcode or Macro
Target not created
Build target 'Target 1'
assembling lab3_as3.s...
lab3_as3.s(11): error: A1163E: Unknown opcode AREA, , expecting opcode or Macro
Target not created
Build target 'Target 1'
assembling lab3_as3.s...
linking...
Program Size: Code=60 RO-data=16 RW-data=8 ZI-data=0  
"LAB3_as3.axf" - 0 Error(s), 0 Warning(s).
