<html>
<body>
<pre>
<h1>µVision Build Log</h1>
<h2>Project:</h2>
D:\1. AMRITA\SEMESTERS\SEM 5\Embedded Systems\Lab\Programs\LAB 5\LAB5_as1\LAB5_as1.uvproj
Project File Date:  11/10/2023

<h2>Output:</h2>
Build target 'Target 1'
assembling lab5_as1.s...
lab5_as1.s(34): error: A1150E: Bad symbol, not defined or external
lab5_as1.s(35): error: A1114E: Expected register relative expression
lab5_as1.s(38): error: A1150E: Bad symbol, not defined or external
lab5_as1.s(39): error: A1114E: Expected register relative expression
Target not created
Build target 'Target 1'
assembling lab5_as1.s...
lab5_as1.s(35): error: A1114E: Expected register relative expression
lab5_as1.s(39): error: A1114E: Expected register relative expression
Target not created
Build target 'Target 1'
assembling lab5_as1.s...
lab5_as1.s(18): error: A1516E: Bad symbol 'len', not defined or external
Target not created
Build target 'Target 1'
assembling lab5_as1.s...
linking...
Program Size: Code=76 RO-data=16 RW-data=4 ZI-data=0  
"LAB5_as1.axf" - 0 Error(s), 0 Warning(s).
Build target 'Target 1'
linking...
Program Size: Code=76 RO-data=16 RW-data=4 ZI-data=0  
"LAB5_as1.axf" - 0 Error(s), 0 Warning(s).
Build target 'Target 1'
assembling lab5_as1.s...
linking...
Program Size: Code=76 RO-data=16 RW-data=4 ZI-data=0  
"LAB5_as1.axf" - 0 Error(s), 0 Warning(s).
Build target 'Target 1'
assembling lab5_as1.s...
linking...
Program Size: Code=76 RO-data=16 RW-data=4 ZI-data=0  
"LAB5_as1.axf" - 0 Error(s), 0 Warning(s).
Build target 'Target 1'
assembling lab5_as1.s...
linking...
Program Size: Code=76 RO-data=16 RW-data=4 ZI-data=0  
"LAB5_as1.axf" - 0 Error(s), 0 Warning(s).
Build target 'Target 1'
assembling lab5_as1.s...
linking...
Program Size: Code=76 RO-data=16 RW-data=4 ZI-data=0  
"LAB5_as1.axf" - 0 Error(s), 0 Warning(s).
Build target 'Target 1'
assembling lab5_as1.s...
linking...
Program Size: Code=72 RO-data=16 RW-data=4 ZI-data=0  
"LAB5_as1.axf" - 0 Error(s), 0 Warning(s).
Build target 'Target 1'
linking...
Program Size: Code=72 RO-data=16 RW-data=4 ZI-data=0  
"LAB5_as1.axf" - 0 Error(s), 0 Warning(s).
Build target 'Target 1'
assembling lab5_as1.s...
linking...
Program Size: Code=68 RO-data=16 RW-data=4 ZI-data=0  
"LAB5_as1.axf" - 0 Error(s), 0 Warning(s).
Build target 'Target 1'
assembling lab5_as1.s...
linking...
Program Size: Code=68 RO-data=16 RW-data=4 ZI-data=0  
"LAB5_as1.axf" - 0 Error(s), 0 Warning(s).
Build target 'Target 1'
assembling lab5_as1.s...
lab5_as1.s(18): error: A1152E: Unexpected operator
Target not created
Build target 'Target 1'
assembling lab5_as1.s...
linking...
Program Size: Code=76 RO-data=16 RW-data=4 ZI-data=0  
"LAB5_as1.axf" - 0 Error(s), 0 Warning(s).
