<html>
<body>
<pre>
<h1>µVision Build Log</h1>
<h2>Project:</h2>
D:\1. AMRITA\SEMESTERS\SEM 5\Embedded Systems\Lab\Programs\LAB1_qn1\LAB1_qn1.uvproj
Project File Date:  10/30/2023

<h2>Output:</h2>
Build target 'Target 1'
assembling LAB1_qn1.s...
linking...
Program Size: Code=12 RO-data=0 RW-data=0 ZI-data=0  
"LAB1_qn1.axf" - 0 Error(s), 0 Warning(s).
Build target 'Target 1'
assembling LAB1_qn1.s...
linking...
Program Size: Code=16 RO-data=0 RW-data=0 ZI-data=0  
"LAB1_qn1.axf" - 0 Error(s), 0 Warning(s).
