<html>
<body>
<pre>
<h1>µVision Build Log</h1>
<h2>Project:</h2>
D:\1. AMRITA\SEMESTERS\SEM 5\Embedded Systems\Lab\Programs\LAB 6\LAB6_qn1\lab6_qn1.uvproj
Project File Date:  12/21/2023

<h2>Output:</h2>
Build target 'Target 1'
linking...
Program Size: Code=576 RO-data=16 RW-data=0 ZI-data=1256  
"lab6_qn1.axf" - 0 Error(s), 0 Warning(s).
Build target 'Target 1'
compiling lab6_qn1.c...
lab6_qn1.c(25): warning:  #111-D: statement is unreachable
lab6_qn1.c(26): warning:  #1-D: last line of file ends without a newline
linking...
Program Size: Code=576 RO-data=16 RW-data=0 ZI-data=1256  
"lab6_qn1.axf" - 0 Error(s), 2 Warning(s).
