


ARM Macro Assembler    Page 1 


    1 00000000         ;find the number of 0’s in a byte data stored in r5.
    2 00000000         ;Store the final count in r1.
    3 00000000         
    4 00000000                 AREA             LAB2_as2 , CODE , READONLY
    5 00000000         
    6 00000000 E3A05004        mov              r5 , #0x04
    7 00000004 E3A02008        mov              r2 , #0x08  ;shift counter
    8 00000008 E3A01000        mov              r1, #0x00
    9 0000000C         
   10 0000000C E1B05085 
                       label_shift
                               movs             r5, r5, lsl #1 ;ALWAYS USE lsr
   11 00000010 32811001        addcc            r1, r1, #0x01
   12 00000014 E2422001        sub              r2, r2 , #0x01
   13 00000018 E3520000        cmp              r2 , #0x00
   14 0000001C 1AFFFFFA        bne              label_shift
   15 00000020         
   16 00000020 EAFFFFFE 
                       e       b                e
   17 00000024                 end
Command Line: --debug --xref --device=DARMP --apcs=interwork -oLAB2_as2.o -IC:\
Keil\ARM\INC\Philips --predefine="__EVAL SETA 1" --list=LAB2_as2.lst LAB2_as2.s



ARM Macro Assembler    Page 1 Alphabetic symbol ordering
Relocatable symbols

LAB2_as2 00000000

Symbol: LAB2_as2
   Definitions
      At line 4 in file LAB2_as2.s
   Uses
      None
Comment: LAB2_as2 unused
e 00000020

Symbol: e
   Definitions
      At line 16 in file LAB2_as2.s
   Uses
      At line 16 in file LAB2_as2.s
Comment: e used once
label_shift 0000000C

Symbol: label_shift
   Definitions
      At line 10 in file LAB2_as2.s
   Uses
      At line 14 in file LAB2_as2.s
Comment: label_shift used once
3 symbols
323 symbols in table
