


ARM Macro Assembler    Page 1 


    1 00000000                 AREA             LAB1_qn2 , CODE, READONLY
    2 00000000         
    3 00000000 E3A02012        mov              r2, #0x12
    4 00000004 E3A03013        mov              r3, #0x13
    5 00000008         
    6 00000008 E0821003        add              r1, r2, r3
    7 0000000C E0424003        sub              r4, r2, r3
    8 00000010 E0035002        and              r5, r3, r2
    9 00000014         
   10 00000014 EAFFFFFE 
                       e       b                e
   11 00000018                 end
Command Line: --debug --xref --device=DARMP --apcs=interwork -oLAB1_qn2.o -IC:\
Keil\ARM\INC\Philips --predefine="__EVAL SETA 1" --list=LAB1_qn2.lst LAB1_qn2.s



ARM Macro Assembler    Page 1 Alphabetic symbol ordering
Relocatable symbols

LAB1_qn2 00000000

Symbol: LAB1_qn2
   Definitions
      At line 1 in file LAB1_qn2.s
   Uses
      None
Comment: LAB1_qn2 unused
e 00000014

Symbol: e
   Definitions
      At line 10 in file LAB1_qn2.s
   Uses
      At line 10 in file LAB1_qn2.s
Comment: e used once
2 symbols
322 symbols in table
