ARM Linker, RVCT4.0 [Build 524] for uVision [Evaluation]

==============================================================================

Section Cross References

    lab5_qn2.o(exp) refers to lab5_qn2.o(data1) for source
    lab5_qn2.o(exp) refers to lab5_qn2.o(data2) for destination


==============================================================================

Image Symbol Table

    Local Symbols

    Symbol Name                              Value     Ov Type        Size  Object(Section)

    exp                                      0x00000000   Section       36  lab5_qn2.o(exp)
    lab5_qn2.s                               0x00000000   Number         0  lab5_qn2.o ABSOLUTE
    data1                                    0x00000024   Section        6  lab5_qn2.o(data1)
    source                                   0x00000024   Data           6  lab5_qn2.o(data1)
    data2                                    0x40000000   Section        4  lab5_qn2.o(data2)
    destination                              0x40000000   Data           4  lab5_qn2.o(data2)

    Global Symbols

    Symbol Name                              Value     Ov Type        Size  Object(Section)

    BuildAttributes$$THM_ISAv1$ARM_ISAv4$S$PE$A:L22$X:L11$S22$IEEE1$IW$USESV6$~STKCKD$USESV7$~SHL$OSPACE$EBA8$STANDARDLIB$PRES8$EABIv2 0x00000000   Number         0  anon$$obj.o ABSOLUTE



==============================================================================

Memory Map of the image

  Image Entry point : 0x00000000

  Load Region LR_1 (Base: 0x00000000, Size: 0x00000030, Max: 0xffffffff, ABSOLUTE)

    Execution Region ER_RO (Base: 0x00000000, Size: 0x0000002c, Max: 0xffffffff, ABSOLUTE)

    Base Addr    Size         Type   Attr      Idx    E Section Name        Object

    0x00000000   0x00000024   Code   RO            3  * exp                 lab5_qn2.o
    0x00000024   0x00000006   Data   RO            1    data1               lab5_qn2.o


    Execution Region ER_RW (Base: 0x40000000, Size: 0x00000004, Max: 0xffffffff, ABSOLUTE)

    Base Addr    Size         Type   Attr      Idx    E Section Name        Object

    0x40000000   0x00000004   Data   RW            2    data2               lab5_qn2.o


    Execution Region ER_ZI (Base: 0x40000004, Size: 0x00000000, Max: 0xffffffff, ABSOLUTE)

    **** No section assigned to this execution region ****


==============================================================================

Image component sizes


      Code (inc. data)   RO Data    RW Data    ZI Data      Debug   Object Name

        36          8          6          4          0        232   lab5_qn2.o

    ----------------------------------------------------------------------
        36          8          8          4          0        232   Object Totals
         0          0          0          0          0          0   (incl. Generated)
         0          0          2          0          0          0   (incl. Padding)

    ----------------------------------------------------------------------
         0          0          0          0          0          0   Library Totals
         0          0          0          0          0          0   (incl. Padding)

    ----------------------------------------------------------------------

==============================================================================


      Code (inc. data)   RO Data    RW Data    ZI Data      Debug   

        36          8          8          4          0        232   Grand Totals
        36          8          8          4          0        232   ELF Image Totals
        36          8          8          4          0          0   ROM Totals

==============================================================================

    Total RO  Size (Code + RO Data)                   44 (   0.04kB)
    Total RW  Size (RW Data + ZI Data)                 4 (   0.00kB)
    Total ROM Size (Code + RO Data + RW Data)         48 (   0.05kB)

==============================================================================

