<html>
<body>
<pre>
<h1>µVision Build Log</h1>
<h2>Project:</h2>
D:\1. AMRITA\SEMESTERS\SEM 5\Embedded Systems\Lab\Programs\LAB 2\LAB2_as1\LAB2_as1.uvproj
Project File Date:  11/01/2023

<h2>Output:</h2>
Build target 'Target 1'
assembling LAB2_as1.s...
LAB2_as1.s(10): error: A1147E: Bad shift name
Target not created
Build target 'Target 1'
assembling LAB2_as1.s...
LAB2_as1.s(10): error: A1147E: Bad shift name
Target not created
Build target 'Target 1'
assembling LAB2_as1.s...
LAB2_as1.s(10): error: A1147E: Bad shift name
Target not created
Build target 'Target 1'
assembling LAB2_as1.s...
LAB2_as1.s(10): error: A1147E: Bad shift name
Target not created
Build target 'Target 1'
assembling LAB2_as1.s...
LAB2_as1.s(10): error: A1147E: Bad shift name
Target not created
Build target 'Target 1'
assembling LAB2_as1.s...
linking...
Program Size: Code=32 RO-data=0 RW-data=0 ZI-data=0  
"LAB2_as1.axf" - 0 Error(s), 0 Warning(s).
