<html>
<body>
<pre>
<h1>µVision Build Log</h1>
<h2>Project:</h2>
D:\1. AMRITA\SEMESTERS\SEM 5\Embedded Systems\Lab\Programs\LAB 4\LAB4_as1\LAB4_as1.uvproj
Project File Date:  11/10/2023

<h2>Output:</h2>
Build target 'Target 1'
assembling lab4_as1.s...
linking...
Program Size: Code=72 RO-data=8 RW-data=4 ZI-data=0  
"LAB4_as1.axf" - 0 Error(s), 0 Warning(s).
Build target 'Target 1'
assembling lab4_as1.s...
linking...
Program Size: Code=72 RO-data=8 RW-data=4 ZI-data=0  
"LAB4_as1.axf" - 0 Error(s), 0 Warning(s).
Build target 'Target 1'
assembling lab4_as1.s...
linking...
Program Size: Code=72 RO-data=8 RW-data=4 ZI-data=0  
"LAB4_as1.axf" - 0 Error(s), 0 Warning(s).
Build target 'Target 1'
assembling lab4_as1.s...
linking...
Program Size: Code=72 RO-data=8 RW-data=4 ZI-data=0  
"LAB4_as1.axf" - 0 Error(s), 0 Warning(s).
Build target 'Target 1'
assembling lab4_as1.s...
linking...
Program Size: Code=72 RO-data=8 RW-data=4 ZI-data=0  
"LAB4_as1.axf" - 0 Error(s), 0 Warning(s).
Build target 'Target 1'
assembling lab4_as1.s...
linking...
Program Size: Code=72 RO-data=8 RW-data=4 ZI-data=0  
"LAB4_as1.axf" - 0 Error(s), 0 Warning(s).
Build target 'Target 1'
assembling lab4_as1.s...
linking...
Program Size: Code=76 RO-data=8 RW-data=4 ZI-data=0  
"LAB4_as1.axf" - 0 Error(s), 0 Warning(s).
Build target 'Target 1'
assembling lab4_as1.s...
linking...
Program Size: Code=72 RO-data=8 RW-data=4 ZI-data=0  
"LAB4_as1.axf" - 0 Error(s), 0 Warning(s).
Build target 'Target 1'
assembling lab4_as1.s...
linking...
Program Size: Code=72 RO-data=8 RW-data=4 ZI-data=0  
"LAB4_as1.axf" - 0 Error(s), 0 Warning(s).
Build target 'Target 1'
assembling lab4_as1.s...
linking...
Program Size: Code=68 RO-data=8 RW-data=4 ZI-data=0  
"LAB4_as1.axf" - 0 Error(s), 0 Warning(s).
Build target 'Target 1'
assembling lab4_as1.s...
lab4_as1.s(6): warning: A1581W: Added 3 bytes of padding at address 0x5
linking...
Program Size: Code=68 RO-data=12 RW-data=4 ZI-data=0  
"LAB4_as1.axf" - 0 Error(s), 1 Warning(s).
Build target 'Target 1'
assembling lab4_as1.s...
lab4_as1.s(6): warning: A1581W: Added 1 bytes of padding at address 0x5
linking...
Program Size: Code=68 RO-data=8 RW-data=4 ZI-data=0  
"LAB4_as1.axf" - 0 Error(s), 1 Warning(s).
